Archive member included to satisfy reference by file (symbol)

../circle/lib/usb/libusb.a(dwhcidevice.o)
                              kernel.o (CDWHCIDevice::CDWHCIDevice(CInterruptSystem*, CTimer*, bool))
../circle/lib/usb/libusb.a(dwhciframeschednper.o)
                              ../circle/lib/usb/libusb.a(dwhcidevice.o) (CDWHCIFrameSchedulerNonPeriodic::InitProtectedAllocator(unsigned int, unsigned int))
../circle/lib/usb/libusb.a(dwhciframeschednsplit.o)
                              ../circle/lib/usb/libusb.a(dwhcidevice.o) (CDWHCIFrameSchedulerNoSplit::InitProtectedAllocator(unsigned int, unsigned int))
../circle/lib/usb/libusb.a(dwhciframeschedper.o)
                              ../circle/lib/usb/libusb.a(dwhcidevice.o) (CDWHCIFrameSchedulerPeriodic::InitProtectedAllocator(unsigned int, unsigned int))
../circle/lib/usb/libusb.a(dwhcirootport.o)
                              ../circle/lib/usb/libusb.a(dwhcidevice.o) (CDWHCIRootPort::~CDWHCIRootPort())
../circle/lib/usb/libusb.a(dwhcixactqueue.o)
                              ../circle/lib/usb/libusb.a(dwhcidevice.o) (CDWHCITransactionQueue::CDWHCITransactionQueue(unsigned int, unsigned int))
../circle/lib/usb/libusb.a(dwhcixferstagedata.o)
                              ../circle/lib/usb/libusb.a(dwhcidevice.o) (CDWHCITransferStageData::CDWHCITransferStageData(unsigned int, CUSBRequest*, bool, bool, unsigned int))
../circle/lib/usb/libusb.a(dwhciframeschediso.o)
                              ../circle/lib/usb/libusb.a(dwhcixferstagedata.o) (CDWHCIFrameSchedulerIsochronous::CDWHCIFrameSchedulerIsochronous(bool))
../circle/lib/usb/libusb.a(usbdevice.o)
                              ../circle/lib/usb/libusb.a(dwhcirootport.o) (CUSBDevice::CUSBDevice(CUSBHostController*, TUSBSpeed, CUSBHCIRootPort*))
../circle/lib/usb/libusb.a(usbdevicefactory.o)
                              ../circle/lib/usb/libusb.a(usbdevice.o) (CUSBDeviceFactory::GetDevice(CUSBFunction*, CString*))
../circle/lib/usb/libusb.a(usbendpoint.o)
                              ../circle/lib/usb/libusb.a(usbdevice.o) (CUSBEndpoint::CUSBEndpoint(CUSBDevice*))
../circle/lib/usb/libusb.a(usbfunction.o)
                              ../circle/lib/usb/libusb.a(usbdevicefactory.o) (CUSBFunction::~CUSBFunction())
../circle/lib/usb/libusb.a(usbgamepadps3.o)
                              ../circle/lib/usb/libusb.a(usbdevicefactory.o) (CUSBGamePadPS3Device::CUSBGamePadPS3Device(CUSBFunction*))
../circle/lib/usb/libusb.a(usbgamepadps4.o)
                              ../circle/lib/usb/libusb.a(usbdevicefactory.o) (CUSBGamePadPS4Device::CUSBGamePadPS4Device(CUSBFunction*))
../circle/lib/usb/libusb.a(usbgamepadstandard.o)
                              ../circle/lib/usb/libusb.a(usbgamepadps3.o) (CUSBGamePadStandardDevice::~CUSBGamePadStandardDevice())
../circle/lib/usb/libusb.a(usbgamepadswitchpro.o)
                              ../circle/lib/usb/libusb.a(usbdevicefactory.o) (CUSBGamePadSwitchProDevice::CUSBGamePadSwitchProDevice(CUSBFunction*))
../circle/lib/usb/libusb.a(usbgamepadxbox360.o)
                              ../circle/lib/usb/libusb.a(usbdevicefactory.o) (CUSBGamePadXbox360Device::CUSBGamePadXbox360Device(CUSBFunction*))
../circle/lib/usb/libusb.a(usbgamepadxboxone.o)
                              ../circle/lib/usb/libusb.a(usbdevicefactory.o) (CUSBGamePadXboxOneDevice::CUSBGamePadXboxOneDevice(CUSBFunction*))
../circle/lib/usb/libusb.a(usbhiddevice.o)
                              ../circle/lib/usb/libusb.a(usbgamepadps4.o) (CUSBHIDDevice::SendToEndpointOut(void const*, unsigned int, unsigned int))
../circle/lib/usb/libusb.a(usbhostcontroller.o)
                              ../circle/lib/usb/libusb.a(dwhcidevice.o) (CUSBHostController::UpdatePlugAndPlay())
../circle/lib/usb/libusb.a(usbkeyboard.o)
                              ../circle/lib/usb/libusb.a(usbdevicefactory.o) (CUSBKeyboardDevice::CUSBKeyboardDevice(CUSBFunction*))
../circle/lib/usb/libusb.a(usbmassdevice.o)
                              ../circle/lib/usb/libusb.a(usbdevicefactory.o) (CUSBBulkOnlyMassStorageDevice::CUSBBulkOnlyMassStorageDevice(CUSBFunction*))
../circle/lib/usb/libusb.a(usbmidihost.o)
                              ../circle/lib/usb/libusb.a(usbdevicefactory.o) (CUSBMIDIHostDevice::CUSBMIDIHostDevice(CUSBFunction*))
../circle/lib/usb/libusb.a(usbmouse.o)
                              ../circle/lib/usb/libusb.a(usbdevicefactory.o) (CUSBMouseDevice::CUSBMouseDevice(CUSBFunction*))
../circle/lib/usb/libusb.a(usbprinter.o)
                              ../circle/lib/usb/libusb.a(usbdevicefactory.o) (CUSBPrinterDevice::CUSBPrinterDevice(CUSBFunction*))
../circle/lib/usb/libusb.a(usbrequest.o)
                              ../circle/lib/usb/libusb.a(usbhiddevice.o) (CUSBRequest::CUSBRequest(CUSBEndpoint*, void*, unsigned int, TSetupData*))
../circle/lib/usb/libusb.a(usbstandardhub.o)
                              ../circle/lib/usb/libusb.a(usbdevicefactory.o) (CUSBStandardHub::CUSBStandardHub(CUSBFunction*))
[...]
Memory Configuration

Name             Origin             Length             Attributes
*default*        0x00000000         0xffffffff

Linker script and memory map

Address of section .init set to 0x8000

.init           0x00008000       0x70
 *(.init)
 .init          0x00008000       0x70 ../circle/lib/libcircle.a(startup.o)
                0x00008000                _start
                0x00008064                _start_secondary

.text           0x00008070    0x31c24
 *(.text*)
 .text          0x00008070        0x0 main.o
 .text.startup  0x00008070       0x3c main.o
                0x00008070                main
 .text          0x000080ac      0x578 kernel.o
                0x000080ac                foo(void*)
                0x000080e4                CKernel::CKernel()
                0x000080e4                CKernel::CKernel()
                0x00008240                CKernel::myInterruptHandler()
                0x00008278                CKernel::~CKernel()
                0x00008278                CKernel::~CKernel()
                0x0000831c                CKernel::Initialize()
                0x0000841c                CKernel::Run()
 .text.startup  0x00008624       0x34 kernel.o
 .text          0x00008658     0x30ec ../circle/lib/usb/libusb.a(dwhcidevice.o)
                0x00008658                CDWHCIDevice::CancelDeviceTransactions(CUSBDevice*)
                0x00008660                CDWHCIDevice::CompletionRoutine(CUSBRequest*, void*, void*)
                0x000086b4                CDWHCIDevice::CDWHCIDevice(CInterruptSystem*, CTimer*, bool)
                0x000086b4                CDWHCIDevice::CDWHCIDevice(CInterruptSystem*, CTimer*, bool)
                0x000087b4                CDWHCIDevice::DeviceConnected()
                0x000087ec                CDWHCIDevice::GetPortSpeed()
                0x00008834                CDWHCIDevice::OvercurrentDetected()
                0x0000886c                CDWHCIDevice::DisableRootPort(bool)
                0x000088e0                CDWHCIDevice::PowerOn()
                0x0000894c                CDWHCIDevice::Reset()
                0x00008a24                CDWHCIDevice::InitCore()
                0x00008ca4                CDWHCIDevice::EnableGlobalInterrupts()
                0x00008ce8                CDWHCIDevice::EnableCommonInterrupts()
                0x00008d20                CDWHCIDevice::EnableHostInterrupts()
                0x00008db8                CDWHCIDevice::EnableChannelInterrupt(unsigned int)
                0x00008e3c                CDWHCIDevice::DisableChannelInterrupt(unsigned int)
                0x00008ec0                CDWHCIDevice::FlushTxFIFO(unsigned int)
                0x00008f80                CDWHCIDevice::FlushRxFIFO()
                0x00009024                CDWHCIDevice::InitHost()
                0x00009224                CDWHCIDevice::QueueTransaction(CDWHCITransferStageData*)
                0x000092b8                CDWHCIDevice::TransferStageAsync(CUSBRequest*, bool, bool, unsigned int)
                0x00009374                CDWHCIDevice::SubmitAsyncRequest(CUSBRequest*, unsigned int)
                0x0000944c                CDWHCIDevice::QueueDelayedTransaction(CDWHCITransferStageData*)
                0x000095d0                CDWHCIDevice::StartChannel(CDWHCITransferStageData*)
                0x000099e0                CDWHCIDevice::StartTransaction(CDWHCITransferStageData*)
                0x00009af0                CDWHCIDevice::AllocateChannel()
                0x00009c88                CDWHCIDevice::SOFInterruptHandler()
                0x00009c98                CDWHCIDevice::FreeChannel(unsigned int)
                0x0000a358                CDWHCIDevice::ChannelInterruptHandler(unsigned int)
                0x0000a368                CDWHCIDevice::InterruptHandler()
                0x0000a538                CDWHCIDevice::InterruptStub(void*)
                0x0000a560                CDWHCIDevice::AllocateWaitBlock()
                0x0000a600                CDWHCIDevice::FreeWaitBlock(unsigned int)
                0x0000a688                CDWHCIDevice::TransferStage(CUSBRequest*, bool, bool, unsigned int)
                0x0000a788                CDWHCIDevice::SubmitBlockingRequest(CUSBRequest*, unsigned int)
                0x0000aa00                CDWHCIDevice::WaitForBit(CDWHCIRegister*, unsigned int, bool, unsigned int)
                0x0000aadc                CDWHCIDevice::EnableRootPort()
                0x0000abf4                CDWHCIDevice::LogTransactionFailed(unsigned int)
                0x0000ac3c                CDWHCIDevice::DumpRegister(char const*, unsigned int)
                0x0000ac9c                CDWHCIDevice::DumpStatus(unsigned int)
                0x0000b348                CDWHCIDevice::~CDWHCIDevice()
                0x0000b348                CDWHCIDevice::~CDWHCIDevice()
                0x0000b444                CDWHCIDevice::~CDWHCIDevice()
                0x0000b464                CDWHCIDevice::ReScanDevices()
                0x0000b4e4                CDWHCIDevice::Initialize(bool)
 *fill*         0x0000b744        0x4 
 .text          0x0000b748      0x450 ../circle/lib/usb/libusb.a(dwhciframeschednper.o)
                0x0000b748                CDWHCIFrameSchedulerNonPeriodic::~CDWHCIFrameSchedulerNonPeriodic()
                0x0000b748                CDWHCIFrameSchedulerNonPeriodic::~CDWHCIFrameSchedulerNonPeriodic()
                0x0000b74c                CDWHCIFrameSchedulerNonPeriodic::StartSplit()
                0x0000b768                CDWHCIFrameSchedulerNonPeriodic::IsOddFrame() const
                0x0000b770                CDWHCIFrameSchedulerNonPeriodic::PeriodicDelay(unsigned short)
                0x0000b78c                CDWHCIFrameSchedulerNonPeriodic::CompleteSplit()
                0x0000b808                CDWHCIFrameSchedulerNonPeriodic::TransactionComplete(unsigned int)
                0x0000b90c                CDWHCIFrameSchedulerNonPeriodic::GetFrameNumber()
                0x0000b984                CDWHCIFrameSchedulerNonPeriodic::~CDWHCIFrameSchedulerNonPeriodic()
                0x0000b9c8                CDWHCIFrameSchedulerNonPeriodic::CDWHCIFrameSchedulerNonPeriodic()
                0x0000b9c8                CDWHCIFrameSchedulerNonPeriodic::CDWHCIFrameSchedulerNonPeriodic()
                0x0000ba18                CDWHCIFrameSchedulerNonPeriodic::operator new(unsigned int)
                0x0000ba70                CDWHCIFrameSchedulerNonPeriodic::operator delete(void*, unsigned int)
                0x0000bad0                CDWHCIFrameSchedulerNonPeriodic::InitAllocator(unsigned int)
                0x0000bb2c                CDWHCIFrameSchedulerNonPeriodic::InitProtectedAllocator(unsigned int, unsigned int)
 .text          0x0000bb98      0x2d0 ../circle/lib/usb/libusb.a(dwhciframeschednsplit.o)
                0x0000bb98                CDWHCIFrameSchedulerNoSplit::~CDWHCIFrameSchedulerNoSplit()
                0x0000bb98                CDWHCIFrameSchedulerNoSplit::~CDWHCIFrameSchedulerNoSplit()
                0x0000bb9c                CDWHCIFrameSchedulerNoSplit::StartSplit()
                0x0000bbb8                CDWHCIFrameSchedulerNoSplit::CompleteSplit()
                0x0000bbd4                CDWHCIFrameSchedulerNoSplit::TransactionComplete(unsigned int)
                0x0000bbf0                CDWHCIFrameSchedulerNoSplit::PeriodicDelay(unsigned short)
                0x0000bc0c                CDWHCIFrameSchedulerNoSplit::GetFrameNumber()
                0x0000bc50                CDWHCIFrameSchedulerNoSplit::IsOddFrame() const
                0x0000bc88                CDWHCIFrameSchedulerNoSplit::~CDWHCIFrameSchedulerNoSplit()
                0x0000bccc                CDWHCIFrameSchedulerNoSplit::CDWHCIFrameSchedulerNoSplit(bool)
                0x0000bccc                CDWHCIFrameSchedulerNoSplit::CDWHCIFrameSchedulerNoSplit(bool)
                0x0000bce8                CDWHCIFrameSchedulerNoSplit::operator new(unsigned int)
                0x0000bd40                CDWHCIFrameSchedulerNoSplit::operator delete(void*, unsigned int)
                0x0000bda0                CDWHCIFrameSchedulerNoSplit::InitAllocator(unsigned int)
                0x0000bdfc                CDWHCIFrameSchedulerNoSplit::InitProtectedAllocator(unsigned int, unsigned int)
 .text          0x0000be68      0x4bc ../circle/lib/usb/libusb.a(dwhciframeschedper.o)
                0x0000be68                CDWHCIFrameSchedulerPeriodic::~CDWHCIFrameSchedulerPeriodic()
                0x0000be68                CDWHCIFrameSchedulerPeriodic::~CDWHCIFrameSchedulerPeriodic()
                0x0000be6c                CDWHCIFrameSchedulerPeriodic::StartSplit()
                0x0000be8c                CDWHCIFrameSchedulerPeriodic::PeriodicDelay(unsigned short)
                0x0000bea4                CDWHCIFrameSchedulerPeriodic::CompleteSplit()
                0x0000bf44                CDWHCIFrameSchedulerPeriodic::GetFrameNumber()
                0x0000bfd0                CDWHCIFrameSchedulerPeriodic::IsOddFrame() const
                0x0000c008                CDWHCIFrameSchedulerPeriodic::TransactionComplete(unsigned int)
                0x0000c10c                CDWHCIFrameSchedulerPeriodic::~CDWHCIFrameSchedulerPeriodic()
                0x0000c150                CDWHCIFrameSchedulerPeriodic::CDWHCIFrameSchedulerPeriodic()
                0x0000c150                CDWHCIFrameSchedulerPeriodic::CDWHCIFrameSchedulerPeriodic()
                0x0000c1a4                CDWHCIFrameSchedulerPeriodic::operator new(unsigned int)
                0x0000c1fc                CDWHCIFrameSchedulerPeriodic::operator delete(void*, unsigned int)
                0x0000c25c                CDWHCIFrameSchedulerPeriodic::InitAllocator(unsigned int)
                0x0000c2b8                CDWHCIFrameSchedulerPeriodic::InitProtectedAllocator(unsigned int, unsigned int)
 .text          0x0000c324      0x330 ../circle/lib/usb/libusb.a(dwhcirootport.o)
                0x0000c324                CDWHCIRootPort::~CDWHCIRootPort()
                0x0000c324                CDWHCIRootPort::~CDWHCIRootPort()
                0x0000c358                CDWHCIRootPort::RemoveDevice()
                0x0000c3b4                CDWHCIRootPort::ReScanDevices()
                0x0000c3f4                CDWHCIRootPort::HandlePortStatusChange()
                0x0000c460                CDWHCIRootPort::~CDWHCIRootPort()
                0x0000c4a0                CDWHCIRootPort::CDWHCIRootPort(CDWHCIDevice*)
                0x0000c4a0                CDWHCIRootPort::CDWHCIRootPort(CDWHCIDevice*)
                0x0000c4d8                CDWHCIRootPort::Initialize()
 .text          0x0000c654      0x7fc ../circle/lib/usb/libusb.a(dwhcixactqueue.o)
                0x0000c654                TQueueEntry::operator new(unsigned int)
                0x0000c6ac                TQueueEntry::operator delete(void*, unsigned int)
                0x0000c70c                TQueueEntry::InitAllocator(unsigned int)
                0x0000c768                TQueueEntry::InitProtectedAllocator(unsigned int, unsigned int)
                0x0000c7d4                CDWHCITransactionQueue::CDWHCITransactionQueue(unsigned int, unsigned int)
                0x0000c7d4                CDWHCITransactionQueue::CDWHCITransactionQueue(unsigned int, unsigned int)
                0x0000c854                CDWHCITransactionQueue::Flush()
                0x0000c99c                CDWHCITransactionQueue::~CDWHCITransactionQueue()
                0x0000c99c                CDWHCITransactionQueue::~CDWHCITransactionQueue()
                0x0000c9b8                CDWHCITransactionQueue::FlushDevice(CUSBDevice*)
                0x0000cb68                CDWHCITransactionQueue::Enqueue(CDWHCITransferStageData*, unsigned short)
                0x0000cd08                CDWHCITransactionQueue::Dequeue(unsigned short)
 .text          0x0000ce50      0xe00 ../circle/lib/usb/libusb.a(dwhcixferstagedata.o)
                0x0000ce50                CDWHCITransferStageData::CDWHCITransferStageData(unsigned int, CUSBRequest*, bool, bool, unsigned int)
                0x0000ce50                CDWHCITransferStageData::CDWHCITransferStageData(unsigned int, CUSBRequest*, bool, bool, unsigned int)
                0x0000d2c8                CDWHCITransferStageData::~CDWHCITransferStageData()
                0x0000d2c8                CDWHCITransferStageData::~CDWHCITransferStageData()
                0x0000d2f0                CDWHCITransferStageData::SetChannelNumber(unsigned int)
                0x0000d2f8                CDWHCITransferStageData::TransactionComplete(unsigned int, unsigned int, unsigned int)
                0x0000d570                CDWHCITransferStageData::SetSplitComplete(bool)
                0x0000d5a0                CDWHCITransferStageData::SetState(unsigned int)
                0x0000d5a8                CDWHCITransferStageData::GetState() const
                0x0000d5b0                CDWHCITransferStageData::SetSubState(unsigned int)
                0x0000d5b8                CDWHCITransferStageData::GetSubState() const
                0x0000d5c0                CDWHCITransferStageData::GetChannelNumber() const
                0x0000d5c8                CDWHCITransferStageData::IsPeriodic() const
                0x0000d60c                CDWHCITransferStageData::IsIsochronous() const
                0x0000d648                CDWHCITransferStageData::GetDeviceAddress() const
                0x0000d674                CDWHCITransferStageData::GetEndpointType() const
                0x0000d6d0                CDWHCITransferStageData::GetEndpointNumber() const
                0x0000d6fc                CDWHCITransferStageData::GetMaxPacketSize() const
                0x0000d704                CDWHCITransferStageData::GetSpeed() const
                0x0000d70c                CDWHCITransferStageData::GetPID() const
                0x0000d774                CDWHCITransferStageData::IsDirectionIn() const
                0x0000d77c                CDWHCITransferStageData::IsStatusStage() const
                0x0000d784                CDWHCITransferStageData::GetDMAAddress() const
                0x0000d7ac                CDWHCITransferStageData::GetBytesToTransfer() const
                0x0000d7b4                CDWHCITransferStageData::GetPacketsToTransfer() const
                0x0000d7bc                CDWHCITransferStageData::IsSplit() const
                0x0000d7c4                CDWHCITransferStageData::IsSplitComplete() const
                0x0000d7f4                CDWHCITransferStageData::GetHubAddress() const
                0x0000d848                CDWHCITransferStageData::GetHubPortAddress() const
                0x0000d89c                CDWHCITransferStageData::GetSplitPosition() const
                0x0000d924                CDWHCITransferStageData::GetStatusMask() const
                0x0000d97c                CDWHCITransferStageData::GetTransactionStatus() const
                0x0000d9a4                CDWHCITransferStageData::GetUSBError() const
                0x0000da08                CDWHCITransferStageData::IsStageComplete() const
                0x0000da18                CDWHCITransferStageData::GetResultLen() const
                0x0000da2c                CDWHCITransferStageData::IsTimeout() const
                0x0000da64                CDWHCITransferStageData::IsRetryOK() const
                0x0000da78                CDWHCITransferStageData::GetURB() const
                0x0000daa0                CDWHCITransferStageData::GetDevice() const
                0x0000dac8                CDWHCITransferStageData::GetFrameScheduler() const
                0x0000dad0                CDWHCITransferStageData::operator new(unsigned int)
                0x0000db28                CDWHCITransferStageData::operator delete(void*, unsigned int)
                0x0000db88                CDWHCITransferStageData::InitAllocator(unsigned int)
                0x0000dbe4                CDWHCITransferStageData::InitProtectedAllocator(unsigned int, unsigned int)
 .text          0x0000dc50      0x57c ../circle/lib/usb/libusb.a(dwhciframeschediso.o)
                0x0000dc50                CDWHCIFrameSchedulerIsochronous::~CDWHCIFrameSchedulerIsochronous()
                0x0000dc50                CDWHCIFrameSchedulerIsochronous::~CDWHCIFrameSchedulerIsochronous()
                0x0000dc54                CDWHCIFrameSchedulerIsochronous::CompleteSplit()
                0x0000dd20                CDWHCIFrameSchedulerIsochronous::TransactionComplete(unsigned int)
                0x0000ddf4                CDWHCIFrameSchedulerIsochronous::GetFrameNumber()
                0x0000de8c                CDWHCIFrameSchedulerIsochronous::IsOddFrame() const
                0x0000dec4                CDWHCIFrameSchedulerIsochronous::StartSplit()
                0x0000df9c                CDWHCIFrameSchedulerIsochronous::PeriodicDelay(unsigned short)
                0x0000dfdc                CDWHCIFrameSchedulerIsochronous::~CDWHCIFrameSchedulerIsochronous()
                0x0000e020                CDWHCIFrameSchedulerIsochronous::CDWHCIFrameSchedulerIsochronous(bool)
                0x0000e020                CDWHCIFrameSchedulerIsochronous::CDWHCIFrameSchedulerIsochronous(bool)
                0x0000e04c                CDWHCIFrameSchedulerIsochronous::operator new(unsigned int)
                0x0000e0a4                CDWHCIFrameSchedulerIsochronous::operator delete(void*, unsigned int)
                0x0000e104                CDWHCIFrameSchedulerIsochronous::InitAllocator(unsigned int)
                0x0000e160                CDWHCIFrameSchedulerIsochronous::InitProtectedAllocator(unsigned int, unsigned int)
 .text          0x0000e1cc     0x1294 ../circle/lib/usb/libusb.a(usbdevice.o)
                0x0000e1cc                CUSBDevice::Configure()
                0x0000e284                CUSBDevice::CUSBDevice(CUSBHostController*, TUSBSpeed, CUSBHCIRootPort*)
                0x0000e284                CUSBDevice::CUSBDevice(CUSBHostController*, TUSBSpeed, CUSBHCIRootPort*)
                0x0000e33c                CUSBDevice::CUSBDevice(CUSBHostController*, TUSBSpeed, CUSBStandardHub*, unsigned int)
                0x0000e33c                CUSBDevice::CUSBDevice(CUSBHostController*, TUSBSpeed, CUSBStandardHub*, unsigned int)
                0x0000e4a0                CUSBDevice::ReScanDevices()
                0x0000e4e0                CUSBDevice::RemoveDevice()
                0x0000e52c                CUSBDevice::GetName(TDeviceNameSelector) const
                0x0000e638                CUSBDevice::GetNames() const
                0x0000e720                CUSBDevice::SetAddress(unsigned char)
                0x0000e74c                CUSBDevice::GetAddress() const
                0x0000e754                CUSBDevice::GetSpeed() const
                0x0000e75c                CUSBDevice::IsSplit() const
                0x0000e764                CUSBDevice::GetHubAddress() const
                0x0000e76c                CUSBDevice::GetHubPortNumber() const
                0x0000e774                CUSBDevice::GetTTHubDevice() const
                0x0000e77c                CUSBDevice::GetEndpoint0() const
                0x0000e7a4                CUSBDevice::GetHost() const
                0x0000e7cc                CUSBDevice::GetDeviceDescriptor() const
                0x0000e7f4                CUSBDevice::GetConfigurationDescriptor() const
                0x0000e81c                CUSBDevice::GetDescriptor(unsigned char)
                0x0000e848                CUSBDevice::ConfigurationError(char const*) const
                0x0000e874                CUSBDevice::GetFunction(unsigned int)
                0x0000e888                CUSBDevice::LogWrite(TLogSeverity, char const*, ...)
                0x0000ea70                CUSBDevice::~CUSBDevice()
                0x0000ea70                CUSBDevice::~CUSBDevice()
                0x0000eadc                CUSBDevice::~CUSBDevice()
                0x0000eb54                CUSBDevice::Initialize()
 .text._ZN18CUSBHostController24CancelDeviceTransactionsEP10CUSBDevice
                0x0000f460        0x4 ../circle/lib/usb/libusb.a(usbdevice.o)
                0x0000f460                CUSBHostController::CancelDeviceTransactions(CUSBDevice*)
 .text.startup  0x0000f464       0x38 ../circle/lib/usb/libusb.a(usbdevice.o)
 .text          0x0000f49c      0x91c ../circle/lib/usb/libusb.a(usbdevicefactory.o)
                0x0000f49c                CUSBDeviceFactory::GetGenericHIDDevice(CUSBFunction*)
                0x0000f66c                CUSBDeviceFactory::FindDeviceID(CString*, TUSBDeviceID const*)
                0x0000f704                CUSBDeviceFactory::GetDevice(CUSBFunction*, CString*)
 .text          0x0000fdb8      0x3d4 ../circle/lib/usb/libusb.a(usbendpoint.o)
                0x0000fdb8                CUSBEndpoint::CUSBEndpoint(CUSBDevice*)
                0x0000fdb8                CUSBEndpoint::CUSBEndpoint(CUSBDevice*)
                0x0000fe08                CUSBEndpoint::CUSBEndpoint(CUSBDevice*, TUSBEndpointDescriptor const*)
                0x0000fe08                CUSBEndpoint::CUSBEndpoint(CUSBDevice*, TUSBEndpointDescriptor const*)
                0x0000fff0                CUSBEndpoint::~CUSBEndpoint()
                0x0000fff0                CUSBEndpoint::~CUSBEndpoint()
                0x0000fff4                CUSBEndpoint::GetDevice() const
                0x0001001c                CUSBEndpoint::GetNumber() const
                0x00010024                CUSBEndpoint::GetType() const
                0x0001002c                CUSBEndpoint::IsDirectionIn() const
                0x00010034                CUSBEndpoint::SetMaxPacketSize(unsigned int)
                0x00010044                CUSBEndpoint::GetMaxPacketSize() const
                0x0001004c                CUSBEndpoint::GetInterval() const
                0x00010080                CUSBEndpoint::GetNextPID(bool)
                0x000100c0                CUSBEndpoint::SkipPID(unsigned int, bool)
                0x0001015c                CUSBEndpoint::ResetPID()
 .text          0x0001018c      0x6fc ../circle/lib/usb/libusb.a(usbfunction.o)
                0x0001018c                CUSBFunction::Initialize()
                0x00010194                CUSBFunction::ReScanDevices()
                0x0001019c                CUSBFunction::~CUSBFunction()
                0x0001019c                CUSBFunction::~CUSBFunction()
                0x000101f4                CUSBFunction::RemoveDevice()
                0x00010220                CUSBFunction::~CUSBFunction()
                0x00010284                CUSBFunction::Configure()
                0x00010384                CUSBFunction::CUSBFunction(CUSBDevice*, CUSBConfigurationParser*)
                0x00010384                CUSBFunction::CUSBFunction(CUSBDevice*, CUSBConfigurationParser*)
                0x00010440                CUSBFunction::CUSBFunction(CUSBFunction*)
                0x00010440                CUSBFunction::CUSBFunction(CUSBFunction*)
                0x00010528                CUSBFunction::GetInterfaceName() const
                0x000105a0                CUSBFunction::GetNumEndpoints() const
                0x000105d0                CUSBFunction::GetDevice() const
                0x000105f8                CUSBFunction::GetEndpoint0() const
                0x00010624                CUSBFunction::GetHost() const
                0x00010650                CUSBFunction::GetDescriptor(unsigned char)
                0x0001067c                CUSBFunction::ConfigurationError(char const*) const
                0x000106cc                CUSBFunction::SelectInterfaceByClass(unsigned char, unsigned char, unsigned char)
                0x000107a0                CUSBFunction::GetInterfaceNumber() const
                0x000107d0                CUSBFunction::GetInterfaceClass() const
                0x00010800                CUSBFunction::GetInterfaceSubClass() const
                0x00010830                CUSBFunction::GetInterfaceProtocol() const
                0x00010860                CUSBFunction::GetInterfaceDescriptor() const
 .text          0x00010888      0x50c ../circle/lib/usb/libusb.a(usbgamepadps3.o)
                0x00010888                CUSBGamePadPS3Device::~CUSBGamePadPS3Device()
                0x00010888                CUSBGamePadPS3Device::~CUSBGamePadPS3Device()
                0x000108a8                CUSBGamePadPS3Device::~CUSBGamePadPS3Device()
                0x000108d4                CUSBGamePadPS3Device::SetRumbleMode(TGamePadRumbleMode)
                0x000109a8                CUSBGamePadPS3Device::SetLEDMode(TGamePadLEDMode)
                0x00010a38                CUSBGamePadPS3Device::CUSBGamePadPS3Device(CUSBFunction*)
                0x00010a38                CUSBGamePadPS3Device::CUSBGamePadPS3Device(CUSBFunction*)
                0x00010a8c                CUSBGamePadPS3Device::PS3Enable()
                0x00010b40                CUSBGamePadPS3Device::Configure()
                0x00010c58                CUSBGamePadPS3Device::DecodeReport(unsigned char const*)
 .text._ZN17CUSBGamePadDevice10SetLEDModeEjhh
                0x00010d94        0x8 ../circle/lib/usb/libusb.a(usbgamepadps3.o)
                0x00010d94                CUSBGamePadDevice::SetLEDMode(unsigned int, unsigned char, unsigned char)
 .text._ZN20CUSBGamePadPS3Device13GetPropertiesEv
                0x00010d9c        0x8 ../circle/lib/usb/libusb.a(usbgamepadps3.o)
                0x00010d9c                CUSBGamePadPS3Device::GetProperties()
 *fill*         0x00010da4        0x4 
 .text          0x00010da8      0x9fc ../circle/lib/usb/libusb.a(usbgamepadps4.o)
                0x00010da8                CUSBGamePadPS4Device::DecodeReport(unsigned char const*)
                0x00010f28                CUSBGamePadPS4Device::~CUSBGamePadPS4Device()
                0x00010f28                CUSBGamePadPS4Device::~CUSBGamePadPS4Device()
                0x00010f74                CUSBGamePadPS4Device::~CUSBGamePadPS4Device()
                0x00010fcc                CUSBGamePadPS4Device::SetLEDMode(unsigned int, unsigned char, unsigned char)
                0x00011098                CUSBGamePadPS4Device::SetRumbleMode(TGamePadRumbleMode)
                0x0001118c                CUSBGamePadPS4Device::SetLEDMode(TGamePadLEDMode)
                0x00011330                CUSBGamePadPS4Device::CUSBGamePadPS4Device(CUSBFunction*)
                0x00011330                CUSBGamePadPS4Device::CUSBGamePadPS4Device(CUSBFunction*)
                0x00011380                CUSBGamePadPS4Device::HandleTouchpad(unsigned char const*)
                0x00011530                CUSBGamePadPS4Device::ReportHandler(unsigned char const*, unsigned int)
                0x00011598                CUSBGamePadPS4Device::SendLedRumbleCommand()
                0x00011640                CUSBGamePadPS4Device::DisableTouchpad()
                0x00011654                CUSBGamePadPS4Device::Configure()
 .text._ZN20CUSBGamePadPS4Device13GetPropertiesEv
                0x000117a4        0x8 ../circle/lib/usb/libusb.a(usbgamepadps4.o)
                0x000117a4                CUSBGamePadPS4Device::GetProperties()
 .text          0x000117ac      0x840 ../circle/lib/usb/libusb.a(usbgamepadstandard.o)
                0x000117ac                CUSBGamePadStandardDevice::~CUSBGamePadStandardDevice()
                0x000117ac                CUSBGamePadStandardDevice::~CUSBGamePadStandardDevice()
                0x000117e8                CUSBGamePadStandardDevice::~CUSBGamePadStandardDevice()
                0x00011830                CUSBGamePadStandardDevice::CUSBGamePadStandardDevice(CUSBFunction*, bool)
                0x00011830                CUSBGamePadStandardDevice::CUSBGamePadStandardDevice(CUSBFunction*, bool)
                0x00011868                CUSBGamePadStandardDevice::BitGetUnsigned(void const*, unsigned int, unsigned int)
                0x000118f8                CUSBGamePadStandardDevice::BitGetSigned(void const*, unsigned int, unsigned int)
                0x000119b0                CUSBGamePadStandardDevice::DecodeReport(unsigned char const*)
                0x00011e60                CUSBGamePadStandardDevice::Configure()
 .text._ZN17CUSBGamePadDevice13GetPropertiesEv
                0x00011fec        0x8 ../circle/lib/usb/libusb.a(usbgamepadstandard.o)
                0x00011fec                CUSBGamePadDevice::GetProperties()
 .text._ZN17CUSBGamePadDevice10SetLEDModeE15TGamePadLEDMode
                0x00011ff4        0x8 ../circle/lib/usb/libusb.a(usbgamepadstandard.o)
                0x00011ff4                CUSBGamePadDevice::SetLEDMode(TGamePadLEDMode)
 .text._ZN17CUSBGamePadDevice13SetRumbleModeE18TGamePadRumbleMode
                0x00011ffc        0x8 ../circle/lib/usb/libusb.a(usbgamepadstandard.o)
                0x00011ffc                CUSBGamePadDevice::SetRumbleMode(TGamePadRumbleMode)
 .text          0x00012004      0x740 ../circle/lib/usb/libusb.a(usbgamepadswitchpro.o)
                0x00012004                CUSBGamePadSwitchProDevice::~CUSBGamePadSwitchProDevice()
                0x00012004                CUSBGamePadSwitchProDevice::~CUSBGamePadSwitchProDevice()
                0x00012024                CUSBGamePadSwitchProDevice::~CUSBGamePadSwitchProDevice()
                0x00012050                CUSBGamePadSwitchProDevice::SetRumbleMode(TGamePadRumbleMode)
                0x00012154                CUSBGamePadSwitchProDevice::DecodeReport(unsigned char const*)
                0x00012338                CUSBGamePadSwitchProDevice::SetLEDMode(TGamePadLEDMode)
                0x000123fc                CUSBGamePadSwitchProDevice::CUSBGamePadSwitchProDevice(CUSBFunction*)
                0x000123fc                CUSBGamePadSwitchProDevice::CUSBGamePadSwitchProDevice(CUSBFunction*)
                0x0001243c                CUSBGamePadSwitchProDevice::Configure()
 .text._ZN26CUSBGamePadSwitchProDevice13GetPropertiesEv
                0x00012744        0x8 ../circle/lib/usb/libusb.a(usbgamepadswitchpro.o)
                0x00012744                CUSBGamePadSwitchProDevice::GetProperties()
 .text          0x0001274c      0x3e4 ../circle/lib/usb/libusb.a(usbgamepadxbox360.o)
                0x0001274c                CUSBGamePadXbox360Device::~CUSBGamePadXbox360Device()
                0x0001274c                CUSBGamePadXbox360Device::~CUSBGamePadXbox360Device()
                0x0001276c                CUSBGamePadXbox360Device::~CUSBGamePadXbox360Device()
                0x00012798                CUSBGamePadXbox360Device::DecodeReport(unsigned char const*)
                0x0001289c                CUSBGamePadXbox360Device::ReportHandler(unsigned char const*, unsigned int)
                0x00012908                CUSBGamePadXbox360Device::SetLEDMode(TGamePadLEDMode)
                0x0001295c                CUSBGamePadXbox360Device::SetRumbleMode(TGamePadRumbleMode)
                0x000129f0                CUSBGamePadXbox360Device::CUSBGamePadXbox360Device(CUSBFunction*)
                0x000129f0                CUSBGamePadXbox360Device::CUSBGamePadXbox360Device(CUSBFunction*)
                0x00012a10                CUSBGamePadXbox360Device::Configure()
 .text._ZN24CUSBGamePadXbox360Device13GetPropertiesEv
                0x00012b30        0x8 ../circle/lib/usb/libusb.a(usbgamepadxbox360.o)
                0x00012b30                CUSBGamePadXbox360Device::GetProperties()
 .text          0x00012b38      0x4e4 ../circle/lib/usb/libusb.a(usbgamepadxboxone.o)
                0x00012b38                CUSBGamePadXboxOneDevice::DecodeReport(unsigned char const*)
                0x00012ca0                CUSBGamePadXboxOneDevice::~CUSBGamePadXboxOneDevice()
                0x00012ca0                CUSBGamePadXboxOneDevice::~CUSBGamePadXboxOneDevice()
                0x00012cc0                CUSBGamePadXboxOneDevice::~CUSBGamePadXboxOneDevice()
                0x00012cec                CUSBGamePadXboxOneDevice::ReportHandler(unsigned char const*, unsigned int)
                0x00012e0c                CUSBGamePadXboxOneDevice::SetRumbleMode(TGamePadRumbleMode)
                0x00012ee0                CUSBGamePadXboxOneDevice::CUSBGamePadXboxOneDevice(CUSBFunction*)
                0x00012ee0                CUSBGamePadXboxOneDevice::CUSBGamePadXboxOneDevice(CUSBFunction*)
                0x00012f08                CUSBGamePadXboxOneDevice::Configure()
 .text._ZN24CUSBGamePadXboxOneDevice13GetPropertiesEv
                0x0001301c        0x8 ../circle/lib/usb/libusb.a(usbgamepadxboxone.o)
                0x0001301c                CUSBGamePadXboxOneDevice::GetProperties()
 .text          0x00013024      0x7e8 ../circle/lib/usb/libusb.a(usbhiddevice.o)
                0x00013024                CUSBHIDDevice::SendCompletionRoutine(CUSBRequest*, void*, void*)
                0x000130b8                CUSBHIDDevice::CUSBHIDDevice(CUSBFunction*, unsigned int)
                0x000130b8                CUSBHIDDevice::CUSBHIDDevice(CUSBFunction*, unsigned int)
                0x00013110                CUSBHIDDevice::~CUSBHIDDevice()
                0x00013110                CUSBHIDDevice::~CUSBHIDDevice()
                0x0001319c                CUSBHIDDevice::~CUSBHIDDevice()
                0x000131bc                CUSBHIDDevice::ConfigureHID(unsigned int)
                0x00013408                CUSBHIDDevice::SendToEndpointOut(void const*, unsigned int, unsigned int)
                0x0001349c                CUSBHIDDevice::SendToEndpointOutAsync(void const*, unsigned int, unsigned int)
                0x00013580                CUSBHIDDevice::ReceiveFromEndpointIn(void*, unsigned int, unsigned int)
                0x0001361c                CUSBHIDDevice::StartRequest()
                0x000136f4                CUSBHIDDevice::CompletionRoutine(CUSBRequest*)
                0x000137e0                CUSBHIDDevice::CompletionStub(CUSBRequest*, void*, void*)
 .text          0x0001380c      0x604 ../circle/lib/usb/libusb.a(usbhostcontroller.o)
                0x0001380c                CUSBHostController::UpdatePlugAndPlay()
                0x00013970                CUSBHostController::CUSBHostController(bool)
                0x00013970                CUSBHostController::CUSBHostController(bool)
                0x000139b4                CUSBHostController::~CUSBHostController()
                0x000139b4                CUSBHostController::~CUSBHostController()
                0x000139e4                CUSBHostController::~CUSBHostController()
                0x00013a20                CUSBHostController::ControlMessage(CUSBEndpoint*, unsigned char, unsigned char, unsigned short, unsigned short, void*, unsigned short)
                0x00013af8                CUSBHostController::GetDescriptor(CUSBEndpoint*, unsigned char, unsigned char, void*, unsigned int, unsigned char, unsigned short)
                0x00013b2c                CUSBHostController::SetAddress(CUSBEndpoint*, unsigned char)
                0x00013b74                CUSBHostController::SetConfiguration(CUSBEndpoint*, unsigned char)
                0x00013bbc                CUSBHostController::Transfer(CUSBEndpoint*, void*, unsigned int, unsigned int)
                0x00013c20                CUSBHostController::IsPlugAndPlay()
                0x00013c30                CUSBHostController::PortStatusChanged(CUSBHCIRootPort*)
                0x00013d08                CUSBHostController::PortStatusChanged(CUSBStandardHub*)
                0x00013de0                CUSBHostController::Get()
 .text          0x00013e10      0x4dc ../circle/lib/usb/libusb.a(usbkeyboard.o)
                0x00013e14                CUSBKeyboardDevice::~CUSBKeyboardDevice()
                0x00013e14                CUSBKeyboardDevice::~CUSBKeyboardDevice()
                0x00013e7c                CUSBKeyboardDevice::~CUSBKeyboardDevice()
                0x00013e9c                CUSBKeyboardDevice::ReportHandler(unsigned char const*, unsigned int)
                0x00014028                CUSBKeyboardDevice::CUSBKeyboardDevice(CUSBFunction*)
                0x00014028                CUSBKeyboardDevice::CUSBKeyboardDevice(CUSBFunction*)
                0x0001407c                CUSBKeyboardDevice::RegisterKeyPressedHandler(void (*)(char const*))
                0x00014084                CUSBKeyboardDevice::RegisterSelectConsoleHandler(void (*)(unsigned int))
                0x0001408c                CUSBKeyboardDevice::RegisterShutdownHandler(void (*)())
                0x00014094                CUSBKeyboardDevice::GetLEDStatus() const
                0x000140bc                CUSBKeyboardDevice::RegisterKeyStatusHandlerRaw(void (*)(unsigned char, unsigned char const*, void*), bool, void*)
                0x000140f0                CUSBKeyboardDevice::RegisterKeyStatusHandlerRaw(void (*)(unsigned char, unsigned char const*), bool)
                0x00014108                CUSBKeyboardDevice::UnregisterKeyStatusHandlerRaw()
                0x00014118                CUSBKeyboardDevice::SetLEDs(unsigned char)
                0x000141ac                CUSBKeyboardDevice::Configure()
                0x00014244                CUSBKeyboardDevice::UpdateLEDs()
                0x000142c0                CUSBKeyboardDevice::FindByte(unsigned char const*, unsigned char, unsigned int)
 .text.startup  0x000142ec       0x38 ../circle/lib/usb/libusb.a(usbkeyboard.o)
 .text          0x00014324      0xdc4 ../circle/lib/usb/libusb.a(usbmassdevice.o)
                0x00014324                CUSBBulkOnlyMassStorageDevice::Seek(unsigned long long)
                0x00014338                CUSBBulkOnlyMassStorageDevice::~CUSBBulkOnlyMassStorageDevice()
                0x00014338                CUSBBulkOnlyMassStorageDevice::~CUSBBulkOnlyMassStorageDevice()
                0x00014410                CUSBBulkOnlyMassStorageDevice::~CUSBBulkOnlyMassStorageDevice()
                0x00014430                CUSBBulkOnlyMassStorageDevice::GetSize() const
                0x00014478                CUSBBulkOnlyMassStorageDevice::CUSBBulkOnlyMassStorageDevice(CUSBFunction*)
                0x00014478                CUSBBulkOnlyMassStorageDevice::CUSBBulkOnlyMassStorageDevice(CUSBFunction*)
                0x000144c0                CUSBBulkOnlyMassStorageDevice::GetCapacity() const
                0x000144c8                CUSBBulkOnlyMassStorageDevice::Command(void*, unsigned int, void*, unsigned int, bool)
                0x000148ac                CUSBBulkOnlyMassStorageDevice::TryRead(void*, unsigned int)
                0x00014980                CUSBBulkOnlyMassStorageDevice::TryWrite(void const*, unsigned int)
                0x00014a50                CUSBBulkOnlyMassStorageDevice::Reset()
                0x00014bc8                CUSBBulkOnlyMassStorageDevice::Read(void*, unsigned int)
                0x00014c30                CUSBBulkOnlyMassStorageDevice::Write(void const*, unsigned int)
                0x00014c98                CUSBBulkOnlyMassStorageDevice::Configure()
 .text.startup  0x000150e8       0x38 ../circle/lib/usb/libusb.a(usbmassdevice.o)
 .text          0x00015120      0x7b4 ../circle/lib/usb/libusb.a(usbmidihost.o)
                0x00015120                CUSBMIDIHostDevice::~CUSBMIDIHostDevice()
                0x00015120                CUSBMIDIHostDevice::~CUSBMIDIHostDevice()
                0x000151f0                CUSBMIDIHostDevice::~CUSBMIDIHostDevice()
                0x00015210                CUSBMIDIHostDevice::SendEventsHandler(unsigned char const*, unsigned int, void*)
                0x00015308                CUSBMIDIHostDevice::CUSBMIDIHostDevice(CUSBFunction*)
                0x00015308                CUSBMIDIHostDevice::CUSBMIDIHostDevice(CUSBFunction*)
                0x00015344                CUSBMIDIHostDevice::StartRequest()
                0x00015424                CUSBMIDIHostDevice::TimerStub(unsigned int, void*, void*)
                0x00015480                CUSBMIDIHostDevice::CompletionRoutine(CUSBRequest*)
                0x0001565c                CUSBMIDIHostDevice::CompletionStub(CUSBRequest*, void*, void*)
                0x00015688                CUSBMIDIHostDevice::TimerHandler(unsigned int)
                0x000156bc                CUSBMIDIHostDevice::Configure()
 .text          0x000158d4      0x758 ../circle/lib/usb/libusb.a(usbmouse.o)
                0x000158d4                CUSBMouseDevice::~CUSBMouseDevice()
                0x000158d4                CUSBMouseDevice::~CUSBMouseDevice()
                0x00015930                CUSBMouseDevice::~CUSBMouseDevice()
                0x00015950                CUSBMouseDevice::CUSBMouseDevice(CUSBFunction*)
                0x00015950                CUSBMouseDevice::CUSBMouseDevice(CUSBFunction*)
                0x0001597c                CUSBMouseDevice::ExtractUnsigned(void const*, unsigned int, unsigned int)
                0x00015a0c                CUSBMouseDevice::ExtractSigned(void const*, unsigned int, unsigned int)
                0x00015ac4                CUSBMouseDevice::ReportHandler(unsigned char const*, unsigned int)
                0x00015bb0                CUSBMouseDevice::DecodeReport()
                0x00015edc                CUSBMouseDevice::Configure()
 .text          0x0001602c      0x378 ../circle/lib/usb/libusb.a(usbprinter.o)
                0x0001602c                CUSBPrinterDevice::~CUSBPrinterDevice()
                0x0001602c                CUSBPrinterDevice::~CUSBPrinterDevice()
                0x000160d4                CUSBPrinterDevice::~CUSBPrinterDevice()
                0x000160f4                CUSBPrinterDevice::Write(void const*, unsigned int)
                0x00016194                CUSBPrinterDevice::CUSBPrinterDevice(CUSBFunction*)
                0x00016194                CUSBPrinterDevice::CUSBPrinterDevice(CUSBFunction*)
                0x000161cc                CUSBPrinterDevice::Configure()
 .text.startup  0x000163a4       0x38 ../circle/lib/usb/libusb.a(usbprinter.o)
 .text          0x000163dc      0x4a8 ../circle/lib/usb/libusb.a(usbrequest.o)
                0x000163dc                CUSBRequest::CUSBRequest(CUSBEndpoint*, void*, unsigned int, TSetupData*)
                0x000163dc                CUSBRequest::CUSBRequest(CUSBEndpoint*, void*, unsigned int, TSetupData*)
                0x0001646c                CUSBRequest::~CUSBRequest()
                0x0001646c                CUSBRequest::~CUSBRequest()
                0x00016470                CUSBRequest::GetEndpoint() const
                0x00016498                CUSBRequest::SetStatus(int)
                0x000164a0                CUSBRequest::SetResultLen(unsigned int)
                0x000164a8                CUSBRequest::SetUSBError(TUSBError)
                0x000164b0                CUSBRequest::GetStatus() const
                0x000164b8                CUSBRequest::GetResultLength() const
                0x000164e8                CUSBRequest::GetUSBError() const
                0x00016518                CUSBRequest::GetSetupData()
                0x0001656c                CUSBRequest::GetBuffer()
                0x000165a4                CUSBRequest::GetBufLen() const
                0x000165ac                CUSBRequest::AddIsoPacket(unsigned short)
                0x0001662c                CUSBRequest::GetNumIsoPackets() const
                0x00016654                CUSBRequest::GetIsoPacketSize(unsigned int) const
                0x00016688                CUSBRequest::SetCompletionRoutine(void (*)(CUSBRequest*, void*, void*), void*, void*)
                0x000166b4                CUSBRequest::CallCompletionRoutine()
                0x000166f0                CUSBRequest::SetCompleteOnNAK()
                0x000166fc                CUSBRequest::IsCompleteOnNAK() const
                0x00016704                CUSBRequest::operator new(unsigned int)
                0x0001675c                CUSBRequest::operator delete(void*, unsigned int)
                0x000167bc                CUSBRequest::InitAllocator(unsigned int)
                0x00016818                CUSBRequest::InitProtectedAllocator(unsigned int, unsigned int)
 .text          0x00016884     0x113c ../circle/lib/usb/libusb.a(usbstandardhub.o)
                0x00016884                CUSBStandardHub::~CUSBStandardHub()
                0x00016884                CUSBStandardHub::~CUSBStandardHub()
                0x000169a0                CUSBStandardHub::~CUSBStandardHub()
                0x000169c0                CUSBStandardHub::CUSBStandardHub(CUSBFunction*)
                0x000169c0                CUSBStandardHub::CUSBStandardHub(CUSBFunction*)
                0x00016a4c                CUSBStandardHub::DisablePort(unsigned int)
                0x00016b0c                CUSBStandardHub::RemoveDeviceAt(unsigned int)
                0x00016b50                CUSBStandardHub::StartStatusChangeRequest()
                0x00016c28                CUSBStandardHub::CompletionRoutine(CUSBRequest*)
                0x00016ccc                CUSBStandardHub::CompletionStub(CUSBRequest*, void*, void*)
                0x00016cf8                CUSBStandardHub::Initialize()
                0x00016e34                CUSBStandardHub::EnumeratePorts()
                0x000174ac                CUSBStandardHub::ReScanDevices()
                0x000174b0                CUSBStandardHub::Configure()
                0x00017614                CUSBStandardHub::HandlePortStatusChange()
 .text.startup  0x000179c0       0x38 ../circle/lib/usb/libusb.a(usbstandardhub.o)
 .text          0x000179f8      0x544 ../circle/lib/usb/libusb.a(usbstring.o)
                0x000179f8                CUSBString::CUSBString(CUSBDevice*)
                0x000179f8                CUSBString::CUSBString(CUSBDevice*)
                0x00017a48                CUSBString::CUSBString(CUSBString*)
                0x00017a48                CUSBString::CUSBString(CUSBString*)
                0x00017b0c                CUSBString::~CUSBString()
                0x00017b0c                CUSBString::~CUSBString()
                0x00017b4c                CUSBString::GetFromDescriptor(unsigned char, unsigned short)
                0x00017d9c                CUSBString::Get() const
                0x00017da4                CUSBString::GetLanguageID()
 .text          0x00017f3c      0x560 ../circle/lib/usb/libusb.a(usbserialch341.o)
                0x00017f3c                CUSBSerialCH341Device::~CUSBSerialCH341Device()
                0x00017f3c                CUSBSerialCH341Device::~CUSBSerialCH341Device()
                0x00017f5c                CUSBSerialCH341Device::~CUSBSerialCH341Device()
                0x00017f88                CUSBSerialCH341Device::SetBaudRate(unsigned int)
                0x00018098                CUSBSerialCH341Device::CUSBSerialCH341Device(CUSBFunction*)
                0x00018098                CUSBSerialCH341Device::CUSBSerialCH341Device(CUSBFunction*)
                0x000180bc                CUSBSerialCH341Device::GetDeviceIDTable()
                0x000180c8                CUSBSerialCH341Device::Configure()
                0x00018260                CUSBSerialCH341Device::SetLineProperties(TUSBSerialDataBits, TUSBSerialParity, TUSBSerialStopBits)
 .text          0x0001849c      0x608 ../circle/lib/usb/libusb.a(usbserialcp210x.o)
                0x0001849c                CUSBSerialCP210xDevice::~CUSBSerialCP210xDevice()
                0x0001849c                CUSBSerialCP210xDevice::~CUSBSerialCP210xDevice()
                0x000184bc                CUSBSerialCP210xDevice::~CUSBSerialCP210xDevice()
                0x000184e8                CUSBSerialCP210xDevice::SetBaudRate(unsigned int)
                0x0001860c                CUSBSerialCP210xDevice::CUSBSerialCP210xDevice(CUSBFunction*)
                0x0001860c                CUSBSerialCP210xDevice::CUSBSerialCP210xDevice(CUSBFunction*)
                0x00018638                CUSBSerialCP210xDevice::GetDeviceIDTable()
                0x00018644                CUSBSerialCP210xDevice::Configure()
                0x00018844                CUSBSerialCP210xDevice::SetLineProperties(TUSBSerialDataBits, TUSBSerialParity, TUSBSerialStopBits)
 .text          0x00018aa4      0x974 ../circle/lib/usb/libusb.a(usbserialpl2303.o)
                0x00018aa4                CUSBSerialPL2303Device::~CUSBSerialPL2303Device()
                0x00018aa4                CUSBSerialPL2303Device::~CUSBSerialPL2303Device()
                0x00018ac4                CUSBSerialPL2303Device::~CUSBSerialPL2303Device()
                0x00018af0                CUSBSerialPL2303Device::SetBaudRate(unsigned int)
                0x00018c24                CUSBSerialPL2303Device::CUSBSerialPL2303Device(CUSBFunction*)
                0x00018c24                CUSBSerialPL2303Device::CUSBSerialPL2303Device(CUSBFunction*)
                0x00018c48                CUSBSerialPL2303Device::GetDeviceIDTable()
                0x00018c54                CUSBSerialPL2303Device::Configure()
                0x00019194                CUSBSerialPL2303Device::SetLineProperties(TUSBSerialDataBits, TUSBSerialParity, TUSBSerialStopBits)
 .text          0x00019418      0x5d0 ../circle/lib/usb/libusb.a(usbserialft231x.o)
                0x00019418                CUSBSerialFT231XDevice::~CUSBSerialFT231XDevice()
                0x00019418                CUSBSerialFT231XDevice::~CUSBSerialFT231XDevice()
                0x00019438                CUSBSerialFT231XDevice::~CUSBSerialFT231XDevice()
                0x00019464                CUSBSerialFT231XDevice::SetBaudRate(unsigned int)
                0x00019594                CUSBSerialFT231XDevice::CUSBSerialFT231XDevice(CUSBFunction*)
                0x00019594                CUSBSerialFT231XDevice::CUSBSerialFT231XDevice(CUSBFunction*)
                0x000195b8                CUSBSerialFT231XDevice::GetDeviceIDTable()
                0x000195c4                CUSBSerialFT231XDevice::Configure()
                0x000197d8                CUSBSerialFT231XDevice::SetLineProperties(TUSBSerialDataBits, TUSBSerialParity, TUSBSerialStopBits)
 .text          0x000199e8      0x1fc ../circle/lib/usb/libusb.a(usbserialcdc.o)
                0x000199e8                CUSBSerialCDCDevice::~CUSBSerialCDCDevice()
                0x000199e8                CUSBSerialCDCDevice::~CUSBSerialCDCDevice()
                0x00019a08                CUSBSerialCDCDevice::~CUSBSerialCDCDevice()
                0x00019a34                CUSBSerialCDCDevice::CUSBSerialCDCDevice(CUSBFunction*)
                0x00019a34                CUSBSerialCDCDevice::CUSBSerialCDCDevice(CUSBFunction*)
                0x00019a80                CUSBSerialCDCDevice::SetLineCoding()
                0x00019b6c                CUSBSerialCDCDevice::SetBaudRate(unsigned int)
                0x00019b74                CUSBSerialCDCDevice::SetLineProperties(TUSBSerialDataBits, TUSBSerialParity, TUSBSerialStopBits)
                0x00019b84                CUSBSerialCDCDevice::Configure()
 .text          0x00019be4      0x968 ../circle/lib/usb/libusb.a(usbtouchscreen.o)
                0x00019be4                CUSBTouchScreenDevice::~CUSBTouchScreenDevice()
                0x00019be4                CUSBTouchScreenDevice::~CUSBTouchScreenDevice()
                0x00019c28                CUSBTouchScreenDevice::~CUSBTouchScreenDevice()
                0x00019c78                CUSBTouchScreenDevice::CUSBTouchScreenDevice(CUSBFunction*)
                0x00019c78                CUSBTouchScreenDevice::CUSBTouchScreenDevice(CUSBFunction*)
                0x00019cd0                CUSBTouchScreenDevice::DecodeReportDescriptor(unsigned char const*, unsigned int)
                0x0001a030                CUSBTouchScreenDevice::Configure()
                0x0001a1c0                CUSBTouchScreenDevice::GetValue(void const*, CUSBTouchScreenDevice::TReportItem const&, unsigned int)
                0x0001a258                CUSBTouchScreenDevice::ReportHandler(unsigned char const*, unsigned int)
 .text          0x0001a54c      0x2c0 ../circle/lib/usb/libusb.a(dwhciregister.o)
                0x0001a54c                CDWHCIRegister::CDWHCIRegister(unsigned int)
                0x0001a54c                CDWHCIRegister::CDWHCIRegister(unsigned int)
                0x0001a55c                CDWHCIRegister::CDWHCIRegister(unsigned int, unsigned int)
                0x0001a55c                CDWHCIRegister::CDWHCIRegister(unsigned int, unsigned int)
                0x0001a570                CDWHCIRegister::~CDWHCIRegister()
                0x0001a570                CDWHCIRegister::~CDWHCIRegister()
                0x0001a574                CDWHCIRegister::Read()
                0x0001a590                CDWHCIRegister::Write()
                0x0001a5c8                CDWHCIRegister::Get() const
                0x0001a5f8                CDWHCIRegister::Set(unsigned int)
                0x0001a608                CDWHCIRegister::IsSet(unsigned int) const
                0x0001a644                CDWHCIRegister::And(unsigned int)
                0x0001a67c                CDWHCIRegister::Or(unsigned int)
                0x0001a6b4                CDWHCIRegister::ClearBit(unsigned int)
                0x0001a710                CDWHCIRegister::SetBit(unsigned int)
                0x0001a76c                CDWHCIRegister::ClearAll()
                0x0001a780                CDWHCIRegister::SetAll()
                0x0001a794                CDWHCIRegister::Dump() const
 .text          0x0001a80c      0xe94 ../circle/lib/usb/libusb.a(lan7800.o)
                0x0001a80c                CLAN7800Device::GetMACAddress() const
                0x0001a814                CLAN7800Device::~CLAN7800Device()
                0x0001a814                CLAN7800Device::~CLAN7800Device()
                0x0001a898                non-virtual thunk to CLAN7800Device::~CLAN7800Device()
                0x0001a8a0                CLAN7800Device::~CLAN7800Device()
                0x0001a8c0                CLAN7800Device::ReceiveFrame(void*, unsigned int*)
                0x0001aa2c                non-virtual thunk to CLAN7800Device::ReceiveFrame(void*, unsigned int*)
                0x0001aabc                CLAN7800Device::SendFrame(void const*, unsigned int)
                0x0001aaf4                non-virtual thunk to CLAN7800Device::GetMACAddress() const
                0x0001aafc                non-virtual thunk to CLAN7800Device::~CLAN7800Device()
                0x0001ab20                non-virtual thunk to CLAN7800Device::SendFrame(void const*, unsigned int)
                0x0001ab5c                CLAN7800Device::CLAN7800Device(CUSBFunction*)
                0x0001ab5c                CLAN7800Device::CLAN7800Device(CUSBFunction*)
                0x0001ab9c                CLAN7800Device::WriteReg(unsigned int, unsigned int)
                0x0001ac34                CLAN7800Device::ReadReg(unsigned int, unsigned int*)
                0x0001acc4                CLAN7800Device::WaitReg(unsigned int, unsigned int, unsigned int, unsigned int, unsigned int)
                0x0001ad70                CLAN7800Device::PHYWrite(unsigned char, unsigned short)
                0x0001ae2c                CLAN7800Device::PHYRead(unsigned char, unsigned short*)
                0x0001af10                CLAN7800Device::IsLinkUp()
                0x0001af38                CLAN7800Device::GetLinkSpeed()
                0x0001b004                non-virtual thunk to CLAN7800Device::GetLinkSpeed()
                0x0001b00c                CLAN7800Device::InitPHY()
                0x0001b070                non-virtual thunk to CLAN7800Device::IsLinkUp()
                0x0001b09c                CLAN7800Device::ReadWriteReg(unsigned int, unsigned int, unsigned int)
                0x0001b0e8                CLAN7800Device::InitMACAddress()
                0x0001b20c                CLAN7800Device::Configure()
 .text._ZN10CNetDevice7GetTypeEv
                0x0001b6a0        0x8 ../circle/lib/usb/libusb.a(lan7800.o)
                0x0001b6a0                CNetDevice::GetType()
 .text._ZN10CNetDevice20IsSendFrameAdvisableEv
                0x0001b6a8        0x8 ../circle/lib/usb/libusb.a(lan7800.o)
                0x0001b6a8                CNetDevice::IsSendFrameAdvisable()
 .text._ZN10CNetDevice9UpdatePHYEv
                0x0001b6b0        0x8 ../circle/lib/usb/libusb.a(lan7800.o)
                0x0001b6b0                CNetDevice::UpdatePHY()
 .text          0x0001b6b8     0x1190 ../circle/lib/usb/libusb.a(smsc951x.o)
                0x0001b6b8                CSMSC951xDevice::GetMACAddress() const
                0x0001b6c0                CSMSC951xDevice::~CSMSC951xDevice()
                0x0001b6c0                CSMSC951xDevice::~CSMSC951xDevice()
                0x0001b744                non-virtual thunk to CSMSC951xDevice::~CSMSC951xDevice()
                0x0001b74c                CSMSC951xDevice::~CSMSC951xDevice()
                0x0001b76c                CSMSC951xDevice::ReceiveFrame(void*, unsigned int*)
                0x0001b8e4                non-virtual thunk to CSMSC951xDevice::ReceiveFrame(void*, unsigned int*)
                0x0001b96c                CSMSC951xDevice::SendFrame(void const*, unsigned int)
                0x0001b9a4                non-virtual thunk to CSMSC951xDevice::GetMACAddress() const
                0x0001b9ac                non-virtual thunk to CSMSC951xDevice::~CSMSC951xDevice()
                0x0001b9d0                non-virtual thunk to CSMSC951xDevice::SendFrame(void const*, unsigned int)
                0x0001ba0c                CSMSC951xDevice::CSMSC951xDevice(CUSBFunction*)
                0x0001ba0c                CSMSC951xDevice::CSMSC951xDevice(CUSBFunction*)
                0x0001ba4c                CSMSC951xDevice::PHYWaitNotBusy()
                0x0001bb0c                CSMSC951xDevice::PHYWrite(unsigned char, unsigned short)
                0x0001bc10                CSMSC951xDevice::PHYRead(unsigned char, unsigned short*)
                0x0001bd40                CSMSC951xDevice::IsLinkUp()
                0x0001be28                non-virtual thunk to CSMSC951xDevice::IsLinkUp()
                0x0001bf14                CSMSC951xDevice::GetLinkSpeed()
                0x0001c050                non-virtual thunk to CSMSC951xDevice::GetLinkSpeed()
                0x0001c190                CSMSC951xDevice::WriteReg(unsigned int, unsigned int)
                0x0001c1f4                CSMSC951xDevice::ReadReg(unsigned int, unsigned int*)
                0x0001c258                CSMSC951xDevice::DumpReg(char const*, unsigned int)
                0x0001c30c                CSMSC951xDevice::DumpRegs()
                0x0001c4a4                CSMSC951xDevice::Configure()
 .text          0x0001c848      0x5cc ../circle/lib/usb/libusb.a(usbbluetooth.o)
                0x0001c848                CUSBBluetoothDevice::~CUSBBluetoothDevice()
                0x0001c848                CUSBBluetoothDevice::~CUSBBluetoothDevice()
                0x0001c938                CUSBBluetoothDevice::~CUSBBluetoothDevice()
                0x0001c958                CUSBBluetoothDevice::CUSBBluetoothDevice(CUSBFunction*)
                0x0001c958                CUSBBluetoothDevice::CUSBBluetoothDevice(CUSBFunction*)
                0x0001c990                CUSBBluetoothDevice::SendHCICommand(void const*, unsigned int)
                0x0001c9ec                CUSBBluetoothDevice::StartRequest()
                0x0001cab4                CUSBBluetoothDevice::RegisterHCIEventHandler(void (*)(void const*, unsigned int))
                0x0001cae0                CUSBBluetoothDevice::CompletionRoutine(CUSBRequest*)
                0x0001cbe8                CUSBBluetoothDevice::CompletionStub(CUSBRequest*, void*, void*)
                0x0001cc14                CUSBBluetoothDevice::Configure()
 .text.startup  0x0001ce14       0x38 ../circle/lib/usb/libusb.a(usbbluetooth.o)
 .text          0x0001ce4c      0x5dc ../circle/lib/usb/libusb.a(usbcdcethernet.o)
                0x0001ce4c                CUSBCDCEthernetDevice::GetMACAddress() const
                0x0001ce54                CUSBCDCEthernetDevice::~CUSBCDCEthernetDevice()
                0x0001ce54                CUSBCDCEthernetDevice::~CUSBCDCEthernetDevice()
                0x0001ced8                non-virtual thunk to CUSBCDCEthernetDevice::~CUSBCDCEthernetDevice()
                0x0001cee0                CUSBCDCEthernetDevice::~CUSBCDCEthernetDevice()
                0x0001cf00                CUSBCDCEthernetDevice::SendFrame(void const*, unsigned int)
                0x0001cfa4                non-virtual thunk to CUSBCDCEthernetDevice::SendFrame(void const*, unsigned int)
                0x0001cfac                CUSBCDCEthernetDevice::ReceiveFrame(void*, unsigned int*)
                0x0001d094                non-virtual thunk to CUSBCDCEthernetDevice::ReceiveFrame(void*, unsigned int*)
                0x0001d09c                non-virtual thunk to CUSBCDCEthernetDevice::GetMACAddress() const
                0x0001d0a4                non-virtual thunk to CUSBCDCEthernetDevice::~CUSBCDCEthernetDevice()
                0x0001d0c8                CUSBCDCEthernetDevice::CUSBCDCEthernetDevice(CUSBFunction*)
                0x0001d0c8                CUSBCDCEthernetDevice::CUSBCDCEthernetDevice(CUSBFunction*)
                0x0001d108                CUSBCDCEthernetDevice::InitMACAddress(unsigned char)
                0x0001d208                CUSBCDCEthernetDevice::Configure()
 .text._ZN10CNetDevice8IsLinkUpEv
                0x0001d428        0x8 ../circle/lib/usb/libusb.a(usbcdcethernet.o)
                0x0001d428                CNetDevice::IsLinkUp()
 .text._ZN10CNetDevice12GetLinkSpeedEv
                0x0001d430        0x8 ../circle/lib/usb/libusb.a(usbcdcethernet.o)
                0x0001d430                CNetDevice::GetLinkSpeed()
 .text          0x0001d438      0x31c ../circle/lib/usb/libusb.a(usbconfigparser.o)
                0x0001d438                CUSBConfigurationParser::CUSBConfigurationParser(void const*, unsigned int)
                0x0001d438                CUSBConfigurationParser::CUSBConfigurationParser(void const*, unsigned int)
                0x0001d598                CUSBConfigurationParser::CUSBConfigurationParser(CUSBConfigurationParser*)
                0x0001d598                CUSBConfigurationParser::CUSBConfigurationParser(CUSBConfigurationParser*)
                0x0001d5e8                CUSBConfigurationParser::~CUSBConfigurationParser()
                0x0001d5e8                CUSBConfigurationParser::~CUSBConfigurationParser()
                0x0001d5ec                CUSBConfigurationParser::IsValid() const
                0x0001d5f4                CUSBConfigurationParser::GetDescriptor(unsigned char)
                0x0001d6a0                CUSBConfigurationParser::GetCurrentDescriptor()
                0x0001d6ec                CUSBConfigurationParser::Error(char const*) const
 .text          0x0001d754      0x23c ../circle/lib/usb/libusb.a(usbgamepad.o)
                0x0001d754                CUSBGamePadDevice::GetInitialState()
                0x0001d75c                CUSBGamePadDevice::Configure()
                0x0001d82c                CUSBGamePadDevice::ReportHandler(unsigned char const*, unsigned int)
                0x0001d880                CUSBGamePadDevice::RegisterStatusHandler(void (*)(unsigned int, TGamePadState const*))
                0x0001d8cc                CUSBGamePadDevice::CUSBGamePadDevice(CUSBFunction*)
                0x0001d8cc                CUSBGamePadDevice::CUSBGamePadDevice(CUSBFunction*)
                0x0001d910                CUSBGamePadDevice::~CUSBGamePadDevice()
                0x0001d910                CUSBGamePadDevice::~CUSBGamePadDevice()
                0x0001d970                CUSBGamePadDevice::~CUSBGamePadDevice()
 .text.startup  0x0001d990       0x38 ../circle/lib/usb/libusb.a(usbgamepad.o)
 .text          0x0001d9c8      0x698 ../circle/lib/usb/libusb.a(usbmidi.o)
                0x0001d9c8                CUSBMIDIDevice::~CUSBMIDIDevice()
                0x0001d9c8                CUSBMIDIDevice::~CUSBMIDIDevice()
                0x0001da44                CUSBMIDIDevice::~CUSBMIDIDevice()
                0x0001da9c                CUSBMIDIDevice::CUSBMIDIDevice()
                0x0001da9c                CUSBMIDIDevice::CUSBMIDIDevice()
                0x0001db08                CUSBMIDIDevice::RegisterPacketHandler(void (*)(unsigned int, unsigned char*, unsigned int))
                0x0001db64                CUSBMIDIDevice::RegisterPacketHandler(void (*)(unsigned int, unsigned char*, unsigned int, unsigned int, void*), void*)
                0x0001dbb4                CUSBMIDIDevice::SendEventPackets(unsigned char const*, unsigned int)
                0x0001dbe8                CUSBMIDIDevice::SendPlainMIDI(unsigned int, unsigned char const*, unsigned int)
                0x0001df44                CUSBMIDIDevice::SetAllSoundOffOnUSBError(bool)
                0x0001df4c                CUSBMIDIDevice::CallPacketHandler(unsigned char*, unsigned int)
                0x0001e008                CUSBMIDIDevice::RegisterSendEventsHandler(bool (*)(unsigned char const*, unsigned int, void*), void*)
                0x0001e058                CUSBMIDIDevice::GetAllSoundOffOnUSBError() const
 .text.startup  0x0001e060       0x38 ../circle/lib/usb/libusb.a(usbmidi.o)
 .text          0x0001e098      0x754 ../circle/lib/usb/libusb.a(usbserial.o)
                0x0001e098                CUSBSerialDevice::SetBaudRate(unsigned int)
                0x0001e0a0                CUSBSerialDevice::SetLineProperties(TUSBSerialDataBits, TUSBSerialParity, TUSBSerialStopBits)
                0x0001e0a8                CUSBSerialDevice::~CUSBSerialDevice()
                0x0001e0a8                CUSBSerialDevice::~CUSBSerialDevice()
                0x0001e16c                CUSBSerialDevice::~CUSBSerialDevice()
                0x0001e18c                CUSBSerialDevice::Write(void const*, unsigned int)
                0x0001e2b8                CUSBSerialDevice::Read(void*, unsigned int)
                0x0001e4d8                CUSBSerialDevice::CUSBSerialDevice(CUSBFunction*, unsigned int)
                0x0001e4d8                CUSBSerialDevice::CUSBSerialDevice(CUSBFunction*, unsigned int)
                0x0001e540                CUSBSerialDevice::CompletionRoutine(CUSBRequest*)
                0x0001e63c                CUSBSerialDevice::CompletionStub(CUSBRequest*, void*, void*)
                0x0001e668                CUSBSerialDevice::Configure()
 .text.startup  0x0001e7ec       0x38 ../circle/lib/usb/libusb.a(usbserial.o)
 .text          0x0001e824      0x388 ../circle/lib/input/libinput.a(keyboardbehaviour.o)
                0x0001e824                CKeyboardBehaviour::CKeyboardBehaviour()
                0x0001e824                CKeyboardBehaviour::CKeyboardBehaviour()
                0x0001e854                CKeyboardBehaviour::~CKeyboardBehaviour()
                0x0001e854                CKeyboardBehaviour::~CKeyboardBehaviour()
                0x0001e87c                CKeyboardBehaviour::RegisterKeyPressedHandler(void (*)(char const*))
                0x0001e8a8                CKeyboardBehaviour::RegisterSelectConsoleHandler(void (*)(unsigned int))
                0x0001e8d4                CKeyboardBehaviour::RegisterShutdownHandler(void (*)())
                0x0001e900                CKeyboardBehaviour::GetLEDStatus() const
                0x0001e908                CKeyboardBehaviour::GenerateKeyEvent(unsigned char)
                0x0001e9d4                CKeyboardBehaviour::TimerStub(unsigned int, void*, void*)
                0x0001ea7c                CKeyboardBehaviour::KeyPressed(unsigned char)
                0x0001eabc                CKeyboardBehaviour::KeyReleased(unsigned char)
                0x0001eb24                CKeyboardBehaviour::TimerHandler(unsigned int)
 .text          0x0001ebac      0x450 ../circle/lib/input/libinput.a(keymap.o)
                0x0001ebac                CKeyMap::CKeyMap()
                0x0001ebac                CKeyMap::CKeyMap()
                0x0001ecac                CKeyMap::~CKeyMap()
                0x0001ecac                CKeyMap::~CKeyMap()
                0x0001ecb0                CKeyMap::ClearTable(unsigned char)
                0x0001ece8                CKeyMap::SetEntry(unsigned char, unsigned char, unsigned short)
                0x0001ed38                CKeyMap::Translate(unsigned char, unsigned char)
                0x0001ee94                CKeyMap::GetString(unsigned short, unsigned char, char*) const
                0x0001ef58                CKeyMap::GetLEDStatus() const
                0x0001ef7c                CKeyMap::LookupDefaultMap(char const*)
 .text          0x0001effc      0x244 ../circle/lib/input/libinput.a(mouse.o)
                0x0001f004                CMouseDevice::~CMouseDevice()
                0x0001f004                CMouseDevice::~CMouseDevice()
                0x0001f064                CMouseDevice::~CMouseDevice()
                0x0001f084                CMouseDevice::CMouseDevice(unsigned int, bool)
                0x0001f084                CMouseDevice::CMouseDevice(unsigned int, bool)
                0x0001f104                CMouseDevice::Setup(unsigned int, unsigned int)
                0x0001f10c                CMouseDevice::Release()
                0x0001f114                CMouseDevice::RegisterEventHandler(void (*)(TMouseEvent, unsigned int, unsigned int, unsigned int, int))
                0x0001f11c                CMouseDevice::SetCursor(unsigned int, unsigned int)
                0x0001f124                CMouseDevice::ShowCursor(bool)
                0x0001f12c                CMouseDevice::UpdateCursor()
                0x0001f140                CMouseDevice::RegisterStatusHandler(void (*)(unsigned int, int, int, int, void*), void*)
                0x0001f190                CMouseDevice::RegisterStatusHandler(void (*)(unsigned int, int, int, int))
                0x0001f1cc                CMouseDevice::ReportHandler(unsigned int, int, int, int)
                0x0001f230                CMouseDevice::GetButtonCount() const
                0x0001f238                CMouseDevice::HasWheel() const
 .text.startup  0x0001f240       0x38 ../circle/lib/input/libinput.a(mouse.o)
 .text          0x0001f278      0x314 ../circle/lib/input/libinput.a(touchscreen.o)
                0x0001f278                CTouchScreenDevice::~CTouchScreenDevice()
                0x0001f278                CTouchScreenDevice::~CTouchScreenDevice()
                0x0001f2d0                CTouchScreenDevice::~CTouchScreenDevice()
                0x0001f334                CTouchScreenDevice::CTouchScreenDevice(void (*)(void*), void*)
                0x0001f334                CTouchScreenDevice::CTouchScreenDevice(void (*)(void*), void*)
                0x0001f3e0                CTouchScreenDevice::Update()
                0x0001f3f4                CTouchScreenDevice::RegisterEventHandler(void (*)(TTouchScreenEvent, unsigned int, unsigned int, unsigned int))
                0x0001f440                CTouchScreenDevice::SetCalibration(unsigned int const*, unsigned int, unsigned int)
                0x0001f4fc                CTouchScreenDevice::ReportHandler(TTouchScreenEvent, unsigned int, unsigned int, unsigned int)
 .text.startup  0x0001f58c       0x38 ../circle/lib/input/libinput.a(touchscreen.o)
 .text          0x0001f5c4      0x578 ../circle/lib/input/libinput.a(mousebehaviour.o)
                0x0001f5c4                CMouseBehaviour::CMouseBehaviour()
                0x0001f5c4                CMouseBehaviour::CMouseBehaviour()
                0x0001f5e0                CMouseBehaviour::Setup(unsigned int, unsigned int)
                0x0001f708                CMouseBehaviour::RegisterEventHandler(void (*)(TMouseEvent, unsigned int, unsigned int, unsigned int, int))
                0x0001f754                CMouseBehaviour::MouseStatusChanged(unsigned int, int, int, int)
                0x0001f908                CMouseBehaviour::SetCursorState(unsigned int, unsigned int, bool)
                0x0001f97c                CMouseBehaviour::~CMouseBehaviour()
                0x0001f97c                CMouseBehaviour::~CMouseBehaviour()
                0x0001f9b4                CMouseBehaviour::Release()
                0x0001fa0c                CMouseBehaviour::SetCursor(unsigned int, unsigned int)
                0x0001fa9c                CMouseBehaviour::ShowCursor(bool)
                0x0001fb0c                CMouseBehaviour::UpdateCursor()
 .text          0x0001fb3c      0x2e8 ../circle/lib/fs/libfs.a(partitionmanager.o)
                0x0001fb3c                CPartitionManager::CPartitionManager(CDevice*, char const*)
                0x0001fb3c                CPartitionManager::CPartitionManager(CDevice*, char const*)
                0x0001fb68                CPartitionManager::~CPartitionManager()
                0x0001fb68                CPartitionManager::~CPartitionManager()
                0x0001fc2c                CPartitionManager::Initialize()
 .text          0x0001fe24      0x284 ../circle/lib/fs/libfs.a(partition.o)
                0x0001fe24                CPartition::Read(void*, unsigned int)
                0x0001fea8                CPartition::Write(void const*, unsigned int)
                0x0001ff2c                CPartition::Seek(unsigned long long)
                0x0001ffe4                CPartition::~CPartition()
                0x0001ffe4                CPartition::~CPartition()
                0x0002000c                CPartition::~CPartition()
                0x00020040                CPartition::CPartition(CDevice*, unsigned int, unsigned int)
                0x00020040                CPartition::CPartition(CDevice*, unsigned int, unsigned int)
 .text          0x000200a8      0x3f0 ../circle/lib/net/libnet.a(netsubsystem.o)
                0x000200a8                CNetSubSystem::CNetSubSystem(unsigned char const*, unsigned char const*, unsigned char const*, unsigned char const*, char const*, TNetDeviceType)
                0x000200a8                CNetSubSystem::CNetSubSystem(unsigned char const*, unsigned char const*, unsigned char const*, unsigned char const*, char const*, TNetDeviceType)
                0x000201dc                CNetSubSystem::Initialize(bool)
                0x00020324                CNetSubSystem::Process()
                0x000203c0                CNetSubSystem::GetConfig()
                0x000203c8                CNetSubSystem::GetNetDeviceLayer()
                0x000203d0                CNetSubSystem::GetLinkLayer()
                0x000203d8                CNetSubSystem::GetTransportLayer()
                0x000203e0                CNetSubSystem::IsRunning() const
                0x00020418                CNetSubSystem::Get()
                0x00020448                CNetSubSystem::~CNetSubSystem()
                0x00020448                CNetSubSystem::~CNetSubSystem()
 .text          0x00020498       0xe0 ../circle/lib/net/libnet.a(nettask.o)
                0x00020498                CNetTask::~CNetTask()
                0x00020498                CNetTask::~CNetTask()
                0x000204c0                CNetTask::~CNetTask()
                0x000204f4                CNetTask::Run()
                0x00020538                CNetTask::CNetTask(CNetSubSystem*)
                0x00020538                CNetTask::CNetTask(CNetSubSystem*)
 .text          0x00020578      0x994 ../circle/lib/net/libnet.a(socket.o)
                0x00020578                CSocket::~CSocket()
                0x00020578                CSocket::~CSocket()
                0x0002063c                CSocket::~CSocket()
                0x0002065c                CSocket::Bind(unsigned short)
                0x000206b8                CSocket::Connect(CIPAddress&, unsigned short)
                0x0002079c                CSocket::Listen(unsigned int)
                0x00020888                CSocket::Send(void const*, unsigned int, int)
                0x00020900                CSocket::Receive(void*, unsigned int, int)
                0x000209ac                CSocket::SendTo(void const*, unsigned int, int, CIPAddress&, unsigned short)
                0x00020a94                CSocket::ReceiveFrom(void*, unsigned int, int, CIPAddress*, unsigned short*)
                0x00020b58                CSocket::SetOptionBroadcast(bool)
                0x00020bac                CSocket::GetForeignIP() const
                0x00020bec                CSocket::CSocket(CNetSubSystem*, int)
                0x00020bec                CSocket::CSocket(CNetSubSystem*, int)
                0x00020c8c                CSocket::CSocket(CSocket&, int)
                0x00020c8c                CSocket::CSocket(CSocket&, int)
                0x00020d38                CSocket::Accept(CIPAddress*, unsigned short*)
 .text          0x00020f0c      0xfb8 ../circle/lib/net/libnet.a(transportlayer.o)
                0x00020f0c                CTransportLayer::CTransportLayer(CNetConfig*, CNetworkLayer*)
                0x00020f0c                CTransportLayer::CTransportLayer(CNetConfig*, CNetworkLayer*)
                0x00020fa4                CTransportLayer::Initialize()
                0x00020fac                CTransportLayer::Bind(unsigned short, int)
                0x00021120                CTransportLayer::Connect(CIPAddress&, unsigned short, unsigned short, int)
                0x000213c0                CTransportLayer::Listen(unsigned short, int)
                0x00021530                CTransportLayer::Accept(CIPAddress*, unsigned short*, int)
                0x0002160c                CTransportLayer::Disconnect(int)
                0x00021694                CTransportLayer::Send(void const*, unsigned int, int, int)
                0x0002177c                CTransportLayer::Receive(void*, int, int)
                0x00021838                CTransportLayer::SendTo(void const*, unsigned int, int, CIPAddress&, unsigned short, int)
                0x00021930                CTransportLayer::ReceiveFrom(void*, int, CIPAddress*, unsigned short*, int)
                0x00021a00                CTransportLayer::SetOptionBroadcast(bool, int)
                0x00021a90                CTransportLayer::IsConnected(int) const
                0x00021b10                CTransportLayer::GetForeignIP(int) const
                0x00021b78                CTransportLayer::~CTransportLayer()
                0x00021b78                CTransportLayer::~CTransportLayer()
                0x00021ba0                CTransportLayer::Process()
 .text._ZN12CTCPRejector7ConnectEv
                0x00021ec4        0x8 ../circle/lib/net/libnet.a(transportlayer.o)
                0x00021ec4                CTCPRejector::Connect()
 .text._ZN12CTCPRejector6AcceptEP10CIPAddressPt
                0x00021ecc        0x8 ../circle/lib/net/libnet.a(transportlayer.o)
                0x00021ecc                CTCPRejector::Accept(CIPAddress*, unsigned short*)
 .text._ZN12CTCPRejector5CloseEv
                0x00021ed4        0x8 ../circle/lib/net/libnet.a(transportlayer.o)
                0x00021ed4                CTCPRejector::Close()
 .text._ZN12CTCPRejector4SendEPKvji
                0x00021edc        0x8 ../circle/lib/net/libnet.a(transportlayer.o)
                0x00021edc                CTCPRejector::Send(void const*, unsigned int, int)
 .text._ZN12CTCPRejector7ReceiveEPvi
                0x00021ee4        0x8 ../circle/lib/net/libnet.a(transportlayer.o)
                0x00021ee4                CTCPRejector::Receive(void*, int)
 .text._ZN12CTCPRejector6SendToEPKvjiR10CIPAddresst
                0x00021eec        0x8 ../circle/lib/net/libnet.a(transportlayer.o)
                0x00021eec                CTCPRejector::SendTo(void const*, unsigned int, int, CIPAddress&, unsigned short)
 .text._ZN12CTCPRejector11ReceiveFromEPviP10CIPAddressPt
                0x00021ef4        0x8 ../circle/lib/net/libnet.a(transportlayer.o)
                0x00021ef4                CTCPRejector::ReceiveFrom(void*, int, CIPAddress*, unsigned short*)
 .text._ZN12CTCPRejector18SetOptionBroadcastEb
                0x00021efc        0x8 ../circle/lib/net/libnet.a(transportlayer.o)
                0x00021efc                CTCPRejector::SetOptionBroadcast(bool)
 .text._ZNK12CTCPRejector11IsConnectedEv
                0x00021f04        0x8 ../circle/lib/net/libnet.a(transportlayer.o)
                0x00021f04                CTCPRejector::IsConnected() const
 .text._ZNK12CTCPRejector12IsTerminatedEv
                0x00021f0c        0x8 ../circle/lib/net/libnet.a(transportlayer.o)
                0x00021f0c                CTCPRejector::IsTerminated() const
 .text._ZN12CTCPRejector7ProcessEv
                0x00021f14        0x4 ../circle/lib/net/libnet.a(transportlayer.o)
                0x00021f14                CTCPRejector::Process()
 .text._ZN12CTCPRejector20NotificationReceivedE21TICMPNotificationTypeR10CIPAddressS2_tti
                0x00021f18        0x8 ../circle/lib/net/libnet.a(transportlayer.o)
                0x00021f18                CTCPRejector::NotificationReceived(TICMPNotificationType, CIPAddress&, CIPAddress&, unsigned short, unsigned short, int)
 .text          0x00021f20      0x8e8 ../circle/lib/net/libnet.a(networklayer.o)
                0x00021f20                CNetworkLayer::CNetworkLayer(CNetConfig*, CLinkLayer*)
                0x00021f20                CNetworkLayer::CNetworkLayer(CNetConfig*, CLinkLayer*)
                0x00021fa0                CNetworkLayer::~CNetworkLayer()
                0x00021fa0                CNetworkLayer::~CNetworkLayer()
                0x00022000                CNetworkLayer::Initialize()
                0x00022064                CNetworkLayer::Process()
                0x00022290                CNetworkLayer::Send(CIPAddress const&, void const*, unsigned int, int)
                0x000224d8                CNetworkLayer::Receive(void*, unsigned int*, CIPAddress*, CIPAddress*, int*)
                0x00022608                CNetworkLayer::ReceiveNotification(TICMPNotificationType*, CIPAddress*, CIPAddress*, unsigned short*, unsigned short*, int*)
                0x0002276c                CNetworkLayer::AddRoute(unsigned char const*, unsigned char const*)
                0x00022774                CNetworkLayer::GetGateway(unsigned char const*) const
                0x000227dc                CNetworkLayer::SendFailed(unsigned int, void const*, unsigned int)
 .text          0x00022808      0x774 ../circle/lib/net/libnet.a(linklayer.o)
                0x00022808                CLinkLayer::CLinkLayer(CNetConfig*, CNetDeviceLayer*)
                0x00022808                CLinkLayer::CLinkLayer(CNetConfig*, CNetDeviceLayer*)
                0x00022890                CLinkLayer::~CLinkLayer()
                0x00022890                CLinkLayer::~CLinkLayer()
                0x000228e0                CLinkLayer::Initialize()
                0x00022944                CLinkLayer::AttachLayer(CNetworkLayer*)
                0x00022990                CLinkLayer::Process()
                0x00022b64                CLinkLayer::Send(CIPAddress const&, void const*, unsigned int)
                0x00022d18                CLinkLayer::Receive(void*, unsigned int*)
                0x00022d7c                CLinkLayer::SendRaw(void const*, unsigned int)
                0x00022df0                CLinkLayer::ReceiveRaw(void*, unsigned int*, CMACAddress*)
                0x00022eb4                CLinkLayer::EnableReceiveRaw(unsigned short)
                0x00022f00                CLinkLayer::ResolveFailed(void const*, unsigned int)
 .text          0x00022f7c      0x38c ../circle/lib/net/libnet.a(netdevlayer.o)
                0x00022f7c                CNetDeviceLayer::CNetDeviceLayer(CNetConfig*, TNetDeviceType)
                0x00022f7c                CNetDeviceLayer::CNetDeviceLayer(CNetConfig*, TNetDeviceType)
                0x00022fa8                CNetDeviceLayer::~CNetDeviceLayer()
                0x00022fa8                CNetDeviceLayer::~CNetDeviceLayer()
                0x00022fd4                CNetDeviceLayer::Initialize(bool)
                0x00023140                CNetDeviceLayer::Process()
                0x00023284                CNetDeviceLayer::GetMACAddress() const
                0x0002329c                CNetDeviceLayer::Send(void const*, unsigned int)
                0x000232a8                CNetDeviceLayer::Receive(void*, unsigned int*)
                0x000232f8                CNetDeviceLayer::IsRunning() const
 .text          0x00023308      0x104 ../circle/lib/net/libnet.a(phytask.o)
                0x00023308                CPHYTask::~CPHYTask()
                0x00023308                CPHYTask::~CPHYTask()
                0x00023330                CPHYTask::~CPHYTask()
                0x00023364                CPHYTask::Run()
                0x000233cc                CPHYTask::CPHYTask(CNetDevice*)
                0x000233cc                CPHYTask::CPHYTask(CNetDevice*)
 *fill*         0x0002340c        0x4 
 .text          0x00023410      0xc78 ../circle/lib/net/libnet.a(arphandler.o)
                0x00023410                CARPHandler::TimerHandler(unsigned int, void*, void*)
                0x000234b4                CARPHandler::CARPHandler(CNetConfig*, CNetDeviceLayer*, CLinkLayer*, CNetQueue*)
                0x000234b4                CARPHandler::CARPHandler(CNetConfig*, CNetDeviceLayer*, CLinkLayer*, CNetQueue*)
                0x00023578                CARPHandler::~CARPHandler()
                0x00023578                CARPHandler::~CARPHandler()
                0x000235d4                CARPHandler::ReplyReceived(CIPAddress const&, CMACAddress const&)
                0x000236a8                CARPHandler::RequestReceived(CIPAddress const&, CMACAddress const&)
                0x00023804                CARPHandler::SendPacket(bool, CIPAddress const&, CMACAddress const&)
                0x00023934                CARPHandler::Process()
                0x00023d34                CARPHandler::Resolve(CIPAddress const&, CMACAddress*, void const*, unsigned int)
 .text          0x00024088      0x724 ../circle/lib/net/libnet.a(icmphandler.o)
                0x00024088                CICMPHandler::CICMPHandler(CNetConfig*, CNetworkLayer*, CNetQueue*, CNetQueue*)
                0x00024088                CICMPHandler::CICMPHandler(CNetConfig*, CNetworkLayer*, CNetQueue*, CNetQueue*)
                0x00024130                CICMPHandler::~CICMPHandler()
                0x00024130                CICMPHandler::~CICMPHandler()
                0x00024134                CICMPHandler::EnqueueNotification(TICMPNotificationType, TIPHeader*, TICMPDataDatagramHeader*)
                0x00024228                CICMPHandler::Process()
                0x00024600                CICMPHandler::DestinationUnreachable(unsigned int, void const*, unsigned int)
 .text          0x000247ac      0x208 ../circle/lib/net/libnet.a(routecache.o)
                0x000247ac                CRouteCache::CRouteCache()
                0x000247ac                CRouteCache::CRouteCache()
                0x000247c8                CRouteCache::Flush()
                0x00024814                CRouteCache::~CRouteCache()
                0x00024814                CRouteCache::~CRouteCache()
                0x00024830                CRouteCache::AddRoute(unsigned char const*, unsigned char const*)
                0x0002491c                CRouteCache::GetRoute(unsigned char const*) const
 .text          0x000249b4      0x204 ../circle/lib/net/libnet.a(netconnection.o)
                0x000249b4                CNetConnection::CNetConnection(CNetConfig*, CNetworkLayer*, CIPAddress&, unsigned short, unsigned short, int)
                0x000249b4                CNetConnection::CNetConnection(CNetConfig*, CNetworkLayer*, CIPAddress&, unsigned short, unsigned short, int)
                0x00024a68                CNetConnection::CNetConnection(CNetConfig*, CNetworkLayer*, unsigned short, int)
                0x00024a68                CNetConnection::CNetConnection(CNetConfig*, CNetworkLayer*, unsigned short, int)
                0x00024b04                CNetConnection::~CNetConnection()
                0x00024b04                CNetConnection::~CNetConnection()
                0x00024b3c                CNetConnection::~CNetConnection()
                0x00024b80                CNetConnection::GetForeignIP() const
                0x00024b88                CNetConnection::GetOwnPort() const
                0x00024bb0                CNetConnection::GetProtocol() const
 .text          0x00024bb8      0x9c8 ../circle/lib/net/libnet.a(udpconnection.o)
                0x00024bb8                CUDPConnection::Accept(CIPAddress*, unsigned short*)
                0x00024bc0                CUDPConnection::Close()
                0x00024bdc                CUDPConnection::SetOptionBroadcast(bool)
                0x00024bec                CUDPConnection::IsConnected() const
                0x00024bf4                CUDPConnection::IsTerminated() const
                0x00024c00                CUDPConnection::Process()
                0x00024c04                CUDPConnection::Send(void const*, unsigned int, int)
                0x00024dbc                CUDPConnection::SendTo(void const*, unsigned int, int, CIPAddress&, unsigned short)
                0x00024f90                CUDPConnection::Receive(void*, int)
                0x00025068                CUDPConnection::ReceiveFrom(void*, int, CIPAddress*, unsigned short*)
                0x00025174                CUDPConnection::PacketReceived(void const*, unsigned int, CIPAddress&, CIPAddress&, int)
                0x0002531c                CUDPConnection::NotificationReceived(TICMPNotificationType, CIPAddress&, CIPAddress&, unsigned short, unsigned short, int)
                0x000253d4                CUDPConnection::Connect()
                0x00025404                CUDPConnection::~CUDPConnection()
                0x00025404                CUDPConnection::~CUDPConnection()
                0x0002545c                CUDPConnection::~CUDPConnection()
                0x000254c0                CUDPConnection::CUDPConnection(CNetConfig*, CNetworkLayer*, CIPAddress&, unsigned short, unsigned short)
                0x000254c0                CUDPConnection::CUDPConnection(CNetConfig*, CNetworkLayer*, CIPAddress&, unsigned short, unsigned short)
                0x00025528                CUDPConnection::CUDPConnection(CNetConfig*, CNetworkLayer*, unsigned short)
                0x00025528                CUDPConnection::CUDPConnection(CNetConfig*, CNetworkLayer*, unsigned short)
 .text          0x00025580     0x2184 ../circle/lib/net/libnet.a(tcpconnection.o)
                0x00025580                CTCPConnection::SendTo(void const*, unsigned int, int, CIPAddress&, unsigned short)
                0x00025598                CTCPConnection::SetOptionBroadcast(bool)
                0x000255a0                CTCPConnection::IsConnected() const
                0x000255c4                CTCPConnection::IsTerminated() const
                0x000255d4                CTCPConnection::ReceiveFrom(void*, int, CIPAddress*, unsigned short*)
                0x0002562c                CTCPConnection::Receive(void*, int)
                0x000256d8                CTCPConnection::Send(void const*, unsigned int, int)
                0x000257e4                CTCPConnection::CTCPConnection(CNetConfig*, CNetworkLayer*, unsigned short)
                0x000257e4                CTCPConnection::CTCPConnection(CNetConfig*, CNetworkLayer*, unsigned short)
                0x000258d4                CTCPConnection::SendSegment(unsigned int, unsigned int, unsigned int, void const*, unsigned int)
                0x00025a2c                CTCPConnection::ScanOptions(TTCPHeader*)
                0x00025af8                CTCPConnection::CalculateISN()
                0x00025b60                CTCPConnection::StopTimer(unsigned int)
                0x00025c18                CTCPConnection::Close()
                0x00025d18                CTCPConnection::StartTimer(unsigned int, unsigned int)
                0x00025dc0                CTCPConnection::CTCPConnection(CNetConfig*, CNetworkLayer*, CIPAddress&, unsigned short, unsigned short)
                0x00025dc0                CTCPConnection::CTCPConnection(CNetConfig*, CNetworkLayer*, CIPAddress&, unsigned short, unsigned short)
                0x00025f9c                CTCPConnection::Process()
                0x000262a4                CTCPConnection::NotificationReceived(TICMPNotificationType, CIPAddress&, CIPAddress&, unsigned short, unsigned short, int)
                0x0002637c                CTCPConnection::~CTCPConnection()
                0x0002637c                CTCPConnection::~CTCPConnection()
                0x0002645c                CTCPConnection::~CTCPConnection()
                0x0002647c                CTCPConnection::DumpStatus()
                0x000264f8                CTCPConnection::Connect()
                0x000265a4                CTCPConnection::Accept(CIPAddress*, unsigned short*)
                0x000266b4                CTCPConnection::TimerHandler(unsigned int)
                0x0002689c                CTCPConnection::TimerStub(unsigned int, void*, void*)
                0x000268e8                CTCPConnection::NewState(TTCPState, unsigned int)
                0x00026990                CTCPConnection::UnexpectedState(unsigned int)
                0x000269d0                CTCPConnection::PacketReceived(void const*, unsigned int, CIPAddress&, CIPAddress&, int)
 .text          0x00027704      0x44c ../circle/lib/net/libnet.a(retransmissionqueue.o)
                0x00027704                CRetransmissionQueue::CRetransmissionQueue(unsigned int)